// Jest Snapshot v1, https://goo.gl/fbAQLP

exports[`quiz pages At FrontPage: Should test questions answered and correct answered 1`] = `"<div><h1 class=\\"correct-or-wrong-txt\\">Take a quiz</h1><h4 class=\\"correct-or-wrong-txt\\" data-testid=\\"frontpage-score-status\\">4 / 5 correct answered</h4><div><a class=\\"home\\" href=\\"/question\\">New quiz</a></div></div>"`;

exports[`quiz pages At Score: Should test questions answered and correct answered 1`] = `"<div><p data-testid=\\"score-status\\">4 / 5 correct answered</p><p><a class=\\"home\\" href=\\"/\\">Home</a></p></div>"`;

exports[`quiz pages Should only render startpage 1`] = `"<div><h1 class=\\"correct-or-wrong-txt\\">Take a quiz</h1><h4 class=\\"correct-or-wrong-txt\\" data-testid=\\"frontpage-score-status\\">NaN / NaN correct answered</h4><div><a class=\\"home\\" href=\\"/question\\">New quiz</a></div></div>"`;

exports[`quiz pages should register correct answer with simulate click 1`] = `"<h2>What is the slowest animal in the world?</h2><div><div data-testid=\\"answer_a\\"><button class=\\"button\\" name=\\"answer\\">The turtle</button></div><div data-testid=\\"answer_b\\"><button class=\\"button\\" name=\\"answer\\">The sloth</button></div></div><div><p data-testid=\\"score-status\\">1 / 1 correct answered</p><p><a class=\\"home\\" href=\\"/\\">Home</a></p></div>"`;

exports[`quiz pages should register wrong answer with simulate click 1`] = `"<h2>What is the slowest animal in the world?</h2><div><div data-testid=\\"answer_a\\"><button class=\\"button\\" name=\\"answer\\">The turtle</button></div><div data-testid=\\"answer_b\\"><button class=\\"button\\" name=\\"answer\\">The sloth</button></div></div><div><p data-testid=\\"score-status\\">0 / 1 correct answered</p><p><a class=\\"home\\" href=\\"/\\">Home</a></p></div>"`;

exports[`quiz pages should render a question 1`] = `"<h2>What is the slowest animal in the world?</h2><div><div data-testid=\\"answer_a\\"><button class=\\"button\\" name=\\"answer\\">The turtle</button></div><div data-testid=\\"answer_b\\"><button class=\\"button\\" name=\\"answer\\">The sloth</button></div></div><div><p data-testid=\\"score-status\\">0 / 0 correct answered</p><p><a class=\\"home\\" href=\\"/\\">Home</a></p></div>"`;

exports[`quiz pages should render a question and its answer options 1`] = `"<h2>What is the slowest animal in the world?</h2><div><div data-testid=\\"answer_a\\"><button class=\\"button\\" name=\\"answer\\">The turtle</button></div><div data-testid=\\"answer_b\\"><button class=\\"button\\" name=\\"answer\\">The sloth</button></div></div><div><p data-testid=\\"score-status\\">0 / 0 correct answered</p><p><a class=\\"home\\" href=\\"/\\">Home</a></p></div>"`;
